// Jest Snapshot v1, https://goo.gl/fbAQLP

exports[` 1`] = `
<div
  className="progress__item"
>
  <p
    className="date"
  >
    Invalid Date
  </p>
  <p
    className="data"
  >
     
    cm
  </p>
</div>
`;

exports[`It should 1`] = `
<div
  className="progress__item"
>
  <p
    className="date"
  >
    Invalid Date
  </p>
  <p
    className="data"
  >
     
    cm
  </p>
</div>
`;

exports[`It should render the 1`] = `
<div
  className="progress__item"
>
  <p
    className="date"
  >
    Invalid Date
  </p>
  <p
    className="data"
  >
     
    cm
  </p>
</div>
`;

exports[`It should render the ProgressItem correctly 1`] = `
<div
  className="progress__item"
>
  <p
    className="date"
  >
    Invalid Date
  </p>
  <p
    className="data"
  >
     
    cm
  </p>
</div>
`;

exports[`re 1`] = `
<div
  className="progress__item"
>
  <p
    className="date"
  >
    Invalid Date
  </p>
  <p
    className="data"
  >
     
    cm
  </p>
</div>
`;

exports[`renders correctly when there are no items 1`] = `
<div
  className="progress__item"
>
  <p
    className="date"
  >
    Invalid Date
  </p>
  <p
    className="data"
  >
     
    cm
  </p>
</div>
`;
